【战场地图】


                炮台                                                        炮台
                 |                                                           |
                石阶                                                        石阶
                 |                                                           |
      赤火龙坛－石阶                                                        石阶－啸云虎坛
           |     |                                                           |      |
           |    石阶                                                        石阶    |
           |     |                                                           |      |
           |    石阶                                                        石阶    |
           |     |                    山道            山道                   |      |
          剑亭－石阶                ／ |               |  ＼                石阶－剑亭
                 |        山道－山道  山道－－山道－－山道  山道－山道       |
                石阶       |     |     |       |       |     |     |        石阶
                 |         |     |     |       |       |     |     |         |
    入口－山谷－山道－－－山道  山道  山道－－山道－－山道  山道  山道－－－山道－山谷－入口
           |               |     |     |       |       |     |     |               |
           |               |     |     |       |       |     |     |               |
          小道－－－－－－山道－山道  山道－－山道－－山道  山道－山道－－－－－－小道
                                    ＼ |               |  ／
                                      山道            山道

